phpinfo()
PHP Version => 7.4.33

System => Windows NT ESTELLE 10.0 build 19045 (Windows 10) AMD64
Build Date => Nov  2 2022 15:57:50
Compiler => Visual C++ 2017
Architecture => x64
Configure Command => cscript /nologo /e:jscript configure.js  "--enable-snapshot-build" "--enable-debug-pack" "--with-pdo-oci=c:\php-snap-build\deps_aux\oracle\x64\instantclient_12_1\sdk,shared" "--with-oci8-12c=c:\php-snap-build\deps_aux\oracle\x64\instantclient_12_1\sdk,shared" "--enable-object-out-dir=../obj/" "--enable-com-dotnet=shared" "--without-analyzer" "--with-pgo"
Server API => Command Line Interface
Virtual Directory Support => enabled
Configuration File (php.ini) Path =>  
Loaded Configuration File => C:\Webserver\php-7.4\php-cli.ini
Scan this dir for additional .ini files => (none)
Additional .ini files parsed => (none)
PHP API => 20190902
PHP Extension => 20190902
Zend Extension => 320190902
Zend Extension Build => API320190902,TS,VC15
PHP Extension Build => API20190902,TS,VC15
Debug Build => no
Thread Safety => enabled
Thread API => Windows Threads
Zend Signal Handling => disabled
Zend Memory Manager => enabled
Zend Multibyte Support => provided by mbstring
IPv6 Support => enabled
DTrace Support => disabled

Registered PHP Streams => php, file, glob, data, http, ftp, zip, compress.zlib, https, ftps, phar
Registered Stream Socket Transports => tcp, udp, ssl, tls, tlsv1.0, tlsv1.1, tlsv1.2, tlsv1.3
Registered Stream Filters => convert.iconv.*, string.rot13, string.toupper, string.tolower, string.strip_tags, convert.*, consumed, dechunk, zlib.*

This program makes use of the Zend Scripting Language Engine:
Zend Engine v3.4.0, Copyright (c) Zend Technologies
    with Zend OPcache v7.4.33, Copyright (c), by Zend Technologies


 _______________________________________________________________________


Configuration

bcmath

BCMath support => enabled

Directive => Local Value => Master Value
bcmath.scale => 0 => 0

calendar

Calendar support => enabled

com_dotnet

COM support => enabled
DCOM support => disabled
.Net support => enabled

Directive => Local Value => Master Value
com.allow_dcom => 0 => 0
com.autoregister_casesensitive => 1 => 1
com.autoregister_typelib => 0 => 0
com.autoregister_verbose => 0 => 0
com.code_page => no value => no value
com.typelib_file => no value => no value

Core

PHP Version => 7.4.33

Directive => Local Value => Master Value
allow_url_fopen => On => On
allow_url_include => Off => Off
arg_separator.input => & => &
arg_separator.output => & => &
auto_append_file => no value => no value
auto_globals_jit => On => On
auto_prepend_file => no value => no value
browscap => no value => no value
default_charset => UTF-8 => UTF-8
default_mimetype => text/plain => text/plain
disable_classes => no value => no value
disable_functions => no value => no value
display_errors => STDOUT => STDOUT
display_startup_errors => On => On
doc_root => no value => no value
docref_ext => no value => no value
docref_root => no value => no value
enable_dl => Off => Off
enable_post_data_reading => On => On
error_append_string => no value => no value
error_log => C:/Webserver/php-7.4/error.log => C:/Webserver/php-7.4/error.log
error_prepend_string => no value => no value
error_reporting => 32767 => 32767
expose_php => On => On
extension_dir => C:/Webserver/php-7.4/ext => C:/Webserver/php-7.4/ext
file_uploads => On => On
hard_timeout => 2 => 2
highlight.comment => <font style="color: #FF8000">#FF8000</font> => <font style="color: #FF8000">#FF8000</font>
highlight.default => <font style="color: #0000BB">#0000BB</font> => <font style="color: #0000BB">#0000BB</font>
highlight.html => <font style="color: #000000">#000000</font> => <font style="color: #000000">#000000</font>
highlight.keyword => <font style="color: #007700">#007700</font> => <font style="color: #007700">#007700</font>
highlight.string => <font style="color: #DD0000">#DD0000</font> => <font style="color: #DD0000">#DD0000</font>
html_errors => Off => Off
ignore_repeated_errors => On => On
ignore_repeated_source => Off => Off
ignore_user_abort => Off => Off
implicit_flush => On => On
include_path => .;C:/Webserver/php-7.4/pear;C:/Webserver/htdocs/global => .;C:/Webserver/php-7.4/pear;C:/Webserver/htdocs/global
input_encoding => no value => no value
internal_encoding => no value => no value
log_errors => On => On
log_errors_max_len => 1024 => 1024
mail.add_x_header => Off => Off
mail.force_extra_parameters => no value => no value
mail.log => no value => no value
max_execution_time => 0 => 0
max_file_uploads => 1024 => 1024
max_input_nesting_level => 64 => 64
max_input_time => -1 => -1
max_input_vars => 32768 => 32768
memory_limit => 4G => 4G
open_basedir => no value => no value
output_buffering => 0 => 0
output_encoding => no value => no value
output_handler => no value => no value
post_max_size => 1G => 1G
precision => 14 => 14
realpath_cache_size => 4M => 4M
realpath_cache_ttl => 86400 => 86400
register_argc_argv => On => On
report_memleaks => On => On
report_zend_debug => Off => Off
request_order => GP => GP
sendmail_from => no value => no value
sendmail_path => no value => no value
serialize_precision => -1 => -1
short_open_tag => On => On
SMTP => localhost => localhost
smtp_port => 25 => 25
sys_temp_dir => no value => no value
syslog.facility => LOG_USER => LOG_USER
syslog.filter => no-ctrl => no-ctrl
syslog.ident => php => php
track_errors => Off => Off
unserialize_callback_func => no value => no value
upload_max_filesize => 1G => 1G
upload_tmp_dir => no value => no value
user_dir => no value => no value
user_ini.cache_ttl => 300 => 300
user_ini.filename => .user.ini => .user.ini
variables_order => GPCS => GPCS
windows.show_crt_warning => Off => Off
xmlrpc_error_number => 0 => 0
xmlrpc_errors => Off => Off
zend.assertions => 1 => 1
zend.detect_unicode => On => On
zend.enable_gc => On => On
zend.exception_ignore_args => Off => Off
zend.multibyte => Off => Off
zend.script_encoding => no value => no value

ctype

ctype functions => enabled

curl

cURL support => enabled
cURL Information => 7.70.0
Age => 6
Features
AsynchDNS => Yes
CharConv => No
Debug => No
GSS-Negotiate => No
IDN => Yes
IPv6 => Yes
krb4 => No
Largefile => Yes
libz => Yes
NTLM => Yes
NTLMWB => No
SPNEGO => Yes
SSL => Yes
SSPI => Yes
TLS-SRP => No
HTTP2 => Yes
GSSAPI => No
KERBEROS5 => Yes
UNIX_SOCKETS => Yes
PSL => No
HTTPS_PROXY => Yes
MULTI_SSL => No
BROTLI => No
Protocols => dict, file, ftp, ftps, gopher, http, https, imap, imaps, ldap, ldaps, pop3, pop3s, rtsp, scp, sftp, smb, smbs, smtp, smtps, telnet, tftp
Host => x86_64-pc-win32
SSL Version => OpenSSL/1.1.1s
ZLib Version => 1.2.12
libSSH Version => libssh2/1.9.0

Directive => Local Value => Master Value
curl.cainfo => C:/Webserver/php-7.4/extras/ssl/cacert.pem => C:/Webserver/php-7.4/extras/ssl/cacert.pem

date

date/time support => enabled
timelib version => 2018.04
"Olson" Timezone Database Version => 2022.1
Timezone Database => internal
Default timezone => Europe/Berlin

Directive => Local Value => Master Value
date.default_latitude => 31.7667 => 31.7667
date.default_longitude => 35.2333 => 35.2333
date.sunrise_zenith => 90.583333 => 90.583333
date.sunset_zenith => 90.583333 => 90.583333
date.timezone => Europe/Berlin => Europe/Berlin

dom

DOM/XML => enabled
DOM/XML API Version => 20031129
libxml Version => 2.9.10
HTML Support => enabled
XPath Support => enabled
XPointer Support => enabled
Schema Support => enabled
RelaxNG Support => enabled

ds

ds support => enabled
ds version => 1.4.0

exif

EXIF Support => enabled
Supported EXIF Version => 0220
Supported filetypes => JPEG, TIFF
Multibyte decoding support using mbstring => enabled
Extended EXIF tag formats => Canon, Casio, Fujifilm, Nikon, Olympus, Samsung, Panasonic, DJI, Sony, Pentax, Minolta, Sigma, Foveon, Kyocera, Ricoh, AGFA, Epson

Directive => Local Value => Master Value
exif.decode_jis_intel => JIS => JIS
exif.decode_jis_motorola => JIS => JIS
exif.decode_unicode_intel => UCS-2LE => UCS-2LE
exif.decode_unicode_motorola => UCS-2BE => UCS-2BE
exif.encode_jis => no value => no value
exif.encode_unicode => ISO-8859-15 => ISO-8859-15

fileinfo

fileinfo support => enabled
libmagic => 537

filter

Input Validation and Filtering => enabled

Directive => Local Value => Master Value
filter.default => unsafe_raw => unsafe_raw
filter.default_flags => no value => no value

gd

GD Support => enabled
GD Version => bundled (2.1.0 compatible)
FreeType Support => enabled
FreeType Linkage => with freetype
FreeType Version => 2.9.1
GIF Read Support => enabled
GIF Create Support => enabled
JPEG Support => enabled
libJPEG Version => 9 compatible
PNG Support => enabled
libPNG Version => 1.6.34
WBMP Support => enabled
XPM Support => enabled
libXpm Version => 30512
XBM Support => enabled
WebP Support => enabled
BMP Support => enabled
TGA Read Support => enabled

Directive => Local Value => Master Value
gd.jpeg_ignore_warning => 1 => 1

hash

hash support => enabled
Hashing Engines => md2 md4 md5 sha1 sha224 sha256 sha384 sha512/224 sha512/256 sha512 sha3-224 sha3-256 sha3-384 sha3-512 ripemd128 ripemd160 ripemd256 ripemd320 whirlpool tiger128,3 tiger160,3 tiger192,3 tiger128,4 tiger160,4 tiger192,4 snefru snefru256 gost gost-crypto adler32 crc32 crc32b crc32c fnv132 fnv1a32 fnv164 fnv1a64 joaat haval128,3 haval160,3 haval192,3 haval224,3 haval256,3 haval128,4 haval160,4 haval192,4 haval224,4 haval256,4 haval128,5 haval160,5 haval192,5 haval224,5 haval256,5 

MHASH support => Enabled
MHASH API Version => Emulated Support

iconv

iconv support => enabled
iconv implementation => "libiconv"
iconv library version => 1.16

Directive => Local Value => Master Value
iconv.input_encoding => no value => no value
iconv.internal_encoding => no value => no value
iconv.output_encoding => no value => no value

imagick

imagick module => enabled
imagick module version => @PACKAGE_VERSION@
imagick classes => Imagick, ImagickDraw, ImagickPixel, ImagickPixelIterator, ImagickKernel
Imagick compiled with ImageMagick version => ImageMagick 7.1.1-46 Q16 x64 8209e84:20250318 https://imagemagick.org
Imagick using ImageMagick library version => ImageMagick 7.1.1-46 Q16 x64 8209e84:20250318 https://imagemagick.org
ImageMagick copyright => (C) 1999 ImageMagick Studio LLC
ImageMagick release date => 2025-03-18
ImageMagick number of supported formats:  => 278
ImageMagick supported formats => 3FR, 3G2, 3GP, AAI, AI, APNG, ART, ARW, ASHLAR, AVCI, AVI, AVIF, AVS, BAYER, BAYERA, BGR, BGRA, BGRO, BIE, BMP, BMP2, BMP3, BRF, CAL, CALS, CANVAS, CAPTION, CIN, CIP, CLIP, CLIPBOARD, CMYK, CMYKA, CR2, CR3, CRW, CUBE, CUR, CUT, DATA, DCM, DCR, DCRAW, DCX, DDS, DFONT, DJVU, DMR, DNG, DOT, DPS, DPX, DXT1, DXT5, EMF, EPDF, EPI, EPS, EPS2, EPS3, EPSF, EPSI, EPT, EPT2, EPT3, ERF, EXR, FARBFELD, FAX, FF, FFF, FILE, FITS, FL32, FLIF, FLV, FPX, FRACTAL, FTP, FTS, FTXT, G3, G4, GIF, GIF87, GRADIENT, GRAY, GRAYA, GROUP4, GV, HALD, HDR, HEIC, HEIF, HISTOGRAM, HRZ, HTM, HTML, HTTP, HTTPS, ICB, ICO, ICON, IIQ, INFO, INLINE, IPL, ISOBRL, ISOBRL6, J2C, J2K, JBG, JBIG, JNG, JNX, JP2, JPC, JPE, JPEG, JPG, JPM, JPS, JPT, JSON, JXL, K25, KDC, KERNEL, LABEL, M2V, M4V, MAC, MAP, MASK, MAT, MATTE, MDC, MEF, MIFF, MKV, MNG, MONO, MOS, MOV, MP4, MPC, MPEG, MPG, MPO, MRW, MSL, MSVG, MTV, MVG, NEF, NRW, NULL, ORA, ORF, OTB, OTF, PAL, PALM, PAM, PANGO, PATTERN, PBM, PCD, PCDS, PCL, PCT, PCX, PDB, PDF, PDFA, PEF, PES, PFA, PFB, PFM, PGM, PGX, PHM, PICON, PICT, PIX, PJPEG, PLASMA, PNG, PNG00, PNG24, PNG32, PNG48, PNG64, PNG8, PNM, POCKETMOD, PPM, PS, PS2, PS3, PSB, PSD, PTIF, PWP, QOI, RADIAL-GRADIENT, RAF, RAS, RAW, RGB, RGB565, RGBA, RGBO, RGF, RLA, RLE, RMF, RSVG, RW2, RWL, SCR, SCREENSHOT, SCT, SFW, SGI, SHTML, SIX, SIXEL, SPARSE-COLOR, SR2, SRF, SRW, STEGANO, STI, STRIMG, SUN, SVG, SVGZ, TEXT, TGA, THUMBNAIL, TIFF, TIFF64, TILE, TIM, TM2, TTC, TTF, TXT, UBRL, UBRL6, UHDR, UIL, UYVY, VDA, VICAR, VID, VIFF, VIPS, VST, WBMP, WEBM, WEBP, WMF, WMV, WPG, X3F, XBM, XC, XCF, XPM, XPS, XV, YAML, YCBCR, YCBCRA, YUV

Directive => Local Value => Master Value
imagick.allow_zero_dimension_images => 0 => 0
imagick.locale_fix => 0 => 0
imagick.progress_monitor => 0 => 0
imagick.set_single_thread => 1 => 1
imagick.shutdown_sleep_count => 10 => 10
imagick.skip_version_check => 0 => 0

imap

IMAP c-Client Version => 2007f
SSL Support => enabled

Directive => Local Value => Master Value
imap.enable_insecure_rsh => Off => Off

intl

Internationalization support => enabled
ICU version => 66.1
ICU Data version => 66.1
ICU TZData version => 2019c
ICU Unicode version => 13.0

Directive => Local Value => Master Value
intl.default_locale => no value => no value
intl.error_level => 0 => 0
intl.use_exceptions => 0 => 0

json

json support => enabled

libxml

libXML support => active
libXML Compiled Version => 2.9.10
libXML Loaded Version => 20910
libXML streams => enabled

mbstring

Multibyte Support => enabled
Multibyte string engine => libmbfl
HTTP input encoding translation => disabled
libmbfl version => 1.3.2

mbstring extension makes use of "streamable kanji code filter and converter", which is distributed under the GNU Lesser General Public License version 2.1.

Multibyte (japanese) regex support => enabled
Multibyte regex (oniguruma) version => 6.9.5

Directive => Local Value => Master Value
mbstring.detect_order => no value => no value
mbstring.encoding_translation => Off => Off
mbstring.func_overload => 0 => 0
mbstring.http_input => no value => no value
mbstring.http_output => no value => no value
mbstring.http_output_conv_mimetypes => ^(text/|application/xhtml\+xml) => ^(text/|application/xhtml\+xml)
mbstring.internal_encoding => no value => no value
mbstring.language => neutral => neutral
mbstring.regex_retry_limit => 1000000 => 1000000
mbstring.regex_stack_limit => 100000 => 100000
mbstring.strict_detection => Off => Off
mbstring.substitute_character => no value => no value

mysqli

MysqlI Support => enabled
Client API library version => mysqlnd 7.4.33
Active Persistent Links => 0
Inactive Persistent Links => 0
Active Links => 0

Directive => Local Value => Master Value
mysqli.allow_local_infile => On => On
mysqli.allow_persistent => On => On
mysqli.default_host => localhost => localhost
mysqli.default_port => 3306 => 3306
mysqli.default_pw => no value => no value
mysqli.default_socket => MySQL => MySQL
mysqli.default_user => no value => no value
mysqli.max_links => Unlimited => Unlimited
mysqli.max_persistent => Unlimited => Unlimited
mysqli.reconnect => On => On
mysqli.rollback_on_cached_plink => Off => Off

mysqlnd

mysqlnd => enabled
Version => mysqlnd 7.4.33
Compression => supported
core SSL => supported
extended SSL => supported
Command buffer size => 4096
Read buffer size => 32768
Read timeout => 86400
Collecting statistics => Yes
Collecting memory statistics => No
Tracing => n/a
Loaded plugins => mysqlnd,debug_trace,auth_plugin_mysql_native_password,auth_plugin_mysql_clear_password,auth_plugin_caching_sha2_password,auth_plugin_sha256_password
API Extensions => mysqli

openssl

OpenSSL support => enabled
OpenSSL Library Version => OpenSSL 1.1.1s  1 Nov 2022
OpenSSL Header Version => OpenSSL 1.1.1s  1 Nov 2022
Openssl default config => C:\Program Files\Common Files\SSL/openssl.cnf

Directive => Local Value => Master Value
openssl.cafile => C:/Webserver/php-7.4/extras/ssl/cacert.pem => C:/Webserver/php-7.4/extras/ssl/cacert.pem
openssl.capath => no value => no value

pcre

PCRE (Perl Compatible Regular Expressions) Support => enabled
PCRE Library Version => 10.35 2020-05-09
PCRE Unicode Version => 13.0.0
PCRE JIT Support => enabled
PCRE JIT Target => x86 64bit (little endian + unaligned)

Directive => Local Value => Master Value
pcre.backtrack_limit => 1000000 => 1000000
pcre.jit => 1 => 1
pcre.recursion_limit => 100000 => 100000

PDO

PDO support => enabled
PDO drivers =>  

Phar

Phar: PHP Archive support => enabled
Phar API version => 1.1.1
Phar-based phar archives => enabled
Tar-based phar archives => enabled
ZIP-based phar archives => enabled
gzip compression => enabled
bzip2 compression => disabled (install ext/bz2)
OpenSSL support => enabled


Phar based on pear/PHP_Archive, original concept by Davey Shafik.
Phar fully realized by Gregory Beaver and Marcus Boerger.
Portions of tar implementation Copyright (c) 2003-2009 Tim Kientzle.
Directive => Local Value => Master Value
phar.cache_list => no value => no value
phar.readonly => On => On
phar.require_hash => On => On

readline

Readline Support => enabled
Readline library => WinEditLine

Directive => Local Value => Master Value
cli.pager => no value => no value
cli.prompt => \b \>  => \b \> 

Reflection

Reflection => enabled

session

Session Support => enabled
Registered save handlers => files user 
Registered serializer handlers => php_serialize php php_binary 

Directive => Local Value => Master Value
session.auto_start => Off => Off
session.cache_expire => 180 => 180
session.cache_limiter => nocache => nocache
session.cookie_domain => no value => no value
session.cookie_httponly => 0 => 0
session.cookie_lifetime => 0 => 0
session.cookie_path => / => /
session.cookie_samesite => no value => no value
session.cookie_secure => 0 => 0
session.gc_divisor => 100 => 100
session.gc_maxlifetime => 1440 => 1440
session.gc_probability => 1 => 1
session.lazy_write => On => On
session.name => PHPSESSID => PHPSESSID
session.referer_check => no value => no value
session.save_handler => files => files
session.save_path => no value => no value
session.serialize_handler => php => php
session.sid_bits_per_character => 4 => 4
session.sid_length => 32 => 32
session.upload_progress.cleanup => On => On
session.upload_progress.enabled => On => On
session.upload_progress.freq => 1% => 1%
session.upload_progress.min_freq => 1 => 1
session.upload_progress.name => PHP_SESSION_UPLOAD_PROGRESS => PHP_SESSION_UPLOAD_PROGRESS
session.upload_progress.prefix => upload_progress_ => upload_progress_
session.use_cookies => 1 => 1
session.use_only_cookies => 1 => 1
session.use_strict_mode => 0 => 0
session.use_trans_sid => 0 => 0

SimpleXML

SimpleXML support => enabled
Schema support => enabled

sockets

Sockets Support => enabled

SPL

SPL support => enabled
Interfaces => OuterIterator, RecursiveIterator, SeekableIterator, SplObserver, SplSubject
Classes => AppendIterator, ArrayIterator, ArrayObject, BadFunctionCallException, BadMethodCallException, CachingIterator, CallbackFilterIterator, DirectoryIterator, DomainException, EmptyIterator, FilesystemIterator, FilterIterator, GlobIterator, InfiniteIterator, InvalidArgumentException, IteratorIterator, LengthException, LimitIterator, LogicException, MultipleIterator, NoRewindIterator, OutOfBoundsException, OutOfRangeException, OverflowException, ParentIterator, RangeException, RecursiveArrayIterator, RecursiveCachingIterator, RecursiveCallbackFilterIterator, RecursiveDirectoryIterator, RecursiveFilterIterator, RecursiveIteratorIterator, RecursiveRegexIterator, RecursiveTreeIterator, RegexIterator, RuntimeException, SplDoublyLinkedList, SplFileInfo, SplFileObject, SplFixedArray, SplHeap, SplMinHeap, SplMaxHeap, SplObjectStorage, SplPriorityQueue, SplQueue, SplStack, SplTempFileObject, UnderflowException, UnexpectedValueException

standard

Dynamic Library Support => enabled
Internal Sendmail Support for Windows => enabled

Directive => Local Value => Master Value
assert.active => 1 => 1
assert.bail => 0 => 0
assert.callback => no value => no value
assert.exception => 1 => 1
assert.quiet_eval => 0 => 0
assert.warning => 1 => 1
auto_detect_line_endings => 0 => 0
default_socket_timeout => 60 => 60
from => no value => no value
session.trans_sid_hosts => no value => no value
session.trans_sid_tags => a=href,area=href,frame=src,form= => a=href,area=href,frame=src,form=
unserialize_max_depth => 4096 => 4096
url_rewriter.hosts => no value => no value
url_rewriter.tags => form= => form=
user_agent => no value => no value

tokenizer

Tokenizer Support => enabled

xml

XML Support => active
XML Namespace Support => active
libxml2 Version => 2.9.10

xmlreader

XMLReader => enabled

xmlwriter

XMLWriter => enabled

xsl

XSL => enabled
libxslt Version => 1.1.32
libxslt compiled against libxml Version => 2.9.7
EXSLT => enabled
libexslt Version => 0.8.20

Zend OPcache

Opcode Caching => Disabled
Optimization => Disabled
SHM Cache => Enabled
File Cache => Disabled
Startup Failed => Opcode Caching is disabled for CLI

Directive => Local Value => Master Value
opcache.blacklist_filename => no value => no value
opcache.cache_id => no value => no value
opcache.consistency_checks => 0 => 0
opcache.dups_fix => Off => Off
opcache.enable => On => On
opcache.enable_cli => Off => Off
opcache.enable_file_override => Off => Off
opcache.error_log => no value => no value
opcache.file_cache => no value => no value
opcache.file_cache_consistency_checks => On => On
opcache.file_cache_fallback => On => On
opcache.file_cache_only => Off => Off
opcache.file_update_protection => 2 => 2
opcache.force_restart_timeout => 180 => 180
opcache.interned_strings_buffer => 8 => 8
opcache.log_verbosity_level => 1 => 1
opcache.max_accelerated_files => 4000 => 4000
opcache.max_file_size => 0 => 0
opcache.max_wasted_percentage => 5 => 5
opcache.memory_consumption => 128 => 128
opcache.mmap_base => 0x20000000 => 0x20000000
opcache.opt_debug_level => 0 => 0
opcache.optimization_level => 0x7FFEBFFF => 0x7FFEBFFF
opcache.preferred_memory_model => no value => no value
opcache.preload => no value => no value
opcache.protect_memory => Off => Off
opcache.restrict_api => no value => no value
opcache.revalidate_freq => 0 => 0
opcache.revalidate_path => Off => Off
opcache.save_comments => On => On
opcache.use_cwd => On => On
opcache.validate_permission => Off => Off
opcache.validate_timestamps => On => On

zip

Zip => enabled
Zip version => 1.15.6
Libzip headers version => 1.7.1
Libzip library version => 1.7.1

zlib

ZLib Support => enabled
Stream Wrapper => compress.zlib://
Stream Filter => zlib.inflate, zlib.deflate
Compiled Version => 1.2.12
Linked Version => 1.2.12

Directive => Local Value => Master Value
zlib.output_compression => Off => Off
zlib.output_compression_level => -1 => -1
zlib.output_handler => no value => no value

Additional Modules

Module Name

Environment

Variable => Value
ALLUSERSPROFILE => C:\ProgramData
APPDATA => C:\Users\Daniel.KDG\AppData\Roaming
ASEPRITE => "C:\Spiele\Steam\steamapps\common\Aseprite\Aseprite.exe"
ChocolateyInstall => C:\ProgramData\chocolatey
CommonProgramFiles => C:\Program Files\Common Files
CommonProgramFiles(x86) => C:\Program Files (x86)\Common Files
CommonProgramW6432 => C:\Program Files\Common Files
COMPUTERNAME => ESTELLE
ComSpec => C:\WINDOWS\system32\cmd.exe
DriverData => C:\Windows\System32\Drivers\DriverData
FPS_BROWSER_APP_PROFILE_STRING => Internet Explorer
FPS_BROWSER_USER_PROFILE_STRING => Default
HOMEDRIVE => C:
HOMEPATH => \Users\Daniel.KDG
JAVA_HOME => C:\Program Files\OpenJDK\jdk-21.0.2
LOCALAPPDATA => C:\Users\Daniel.KDG\AppData\Local
LOGONSERVER => \\DENDE
NUMBER_OF_PROCESSORS => 12
OneDrive => C:\Users\Daniel.KDG\OneDrive
OS => Windows_NT
Path => C:/Webserver/eclipse//plugins/org.eclipse.justj.openjdk.hotspot.jre.full.win32.x86_64_21.0.8.v20250724-1412/jre/bin/server;C:/Webserver/eclipse//plugins/org.eclipse.justj.openjdk.hotspot.jre.full.win32.x86_64_21.0.8.v20250724-1412/jre/bin;C:\Program Files\PlasticSCM5\server;C:\Program Files\PlasticSCM5\client;C:\Program Files\Python311\Scripts\;C:\Program Files\Python311\;C:\Program Files\Common Files\Oracle\Java\javapath;C:\WINDOWS\system32;C:\WINDOWS;C:\WINDOWS\System32\Wbem;C:\WINDOWS\System32\WindowsPowerShell\v1.0\;C:\WINDOWS\System32\OpenSSH\;C:\Program Files (x86)\NVIDIA Corporation\PhysX\Common;C:\Program Files (x86)\WinSCP\;C:\Webserver\tools;C:\Program Files\dotnet\;C:\Program Files\PuTTY\;C:\Program Files (x86)\ZeroTier\One\;C:\Program Files\Docker;C:\ProgramData\chocolatey\bin;C:\Program Files\OpenJDK\jdk-21.0.2\bin;C:\Program Files\NVIDIA Corporation\NVIDIA app\NvDLISR;C:\Program Files\CMake\bin;C:\Program Files\Wiimm\WIT;C:\Program Files\GitExtensions\;C:\Program Files\Git\cmd;C:\Program Files\Git\mingw64\bin;C:\Program Files\Git\usr\bin;C:\Program Files (x86)\Windows Kits\10\Windows Performance Toolkit\;C:\Program Files\Docker\Docker\resources\bin;C:\Users\Daniel.KDG\AppData\Local\Microsoft\WindowsApps;C:\Users\Daniel.KDG\AppData\Roaming\Python\Python311\Scripts;C:\Users\Daniel.KDG\.dotnet\tools;C:\Webserver\eclipse;
PATHEXT => .COM;.EXE;.BAT;.CMD;.VBS;.VBE;.JS;.JSE;.WSF;.WSH;.MSC;.PY;.PYW
PHPUNIT_PORT => 7478
PHP_DRIVE => C:
PHP_VERSION => 7.4
PROCESSOR_ARCHITECTURE => AMD64
PROCESSOR_IDENTIFIER => AMD64 Family 25 Model 33 Stepping 0, AuthenticAMD
PROCESSOR_LEVEL => 25
PROCESSOR_REVISION => 2100
ProgramData => C:\ProgramData
ProgramFiles => C:\Program Files
ProgramFiles(x86) => C:\Program Files (x86)
ProgramW6432 => C:\Program Files
PROMPT => $P$G
PSModulePath => C:\Program Files\WindowsPowerShell\Modules;C:\WINDOWS\system32\WindowsPowerShell\v1.0\Modules
PUBLIC => C:\Users\Public
SESSIONNAME => Console
SystemDrive => C:
SystemRoot => C:\WINDOWS
TEMP => C:\Users\Daniel.KDG\AppData\Local\Temp
TMP => C:\Users\Daniel.KDG\AppData\Local\Temp
UNITY_ACCELERATOR_ENDPOINT => dende
UNREAL_DIRECTORY => C:\Spiele\Epic Games
UPM_USER_CONFIG_FILE => C:\ProgramData\Unity\config\upmconfig.toml
USERDNSDOMAIN => KDG.LOCAL
USERDOMAIN => KDG
USERDOMAIN_ROAMINGPROFILE => KDG
USERNAME => Daniel
USERPROFILE => C:\Users\Daniel.KDG
windir => C:\WINDOWS

PHP Variables

Variable => Value
$_SERVER['ALLUSERSPROFILE'] => C:\ProgramData
$_SERVER['APPDATA'] => C:\Users\Daniel.KDG\AppData\Roaming
$_SERVER['ASEPRITE'] => "C:\Spiele\Steam\steamapps\common\Aseprite\Aseprite.exe"
$_SERVER['ChocolateyInstall'] => C:\ProgramData\chocolatey
$_SERVER['CommonProgramFiles'] => C:\Program Files\Common Files
$_SERVER['CommonProgramFiles(x86)'] => C:\Program Files (x86)\Common Files
$_SERVER['CommonProgramW6432'] => C:\Program Files\Common Files
$_SERVER['COMPUTERNAME'] => ESTELLE
$_SERVER['ComSpec'] => C:\WINDOWS\system32\cmd.exe
$_SERVER['DriverData'] => C:\Windows\System32\Drivers\DriverData
$_SERVER['FPS_BROWSER_APP_PROFILE_STRING'] => Internet Explorer
$_SERVER['FPS_BROWSER_USER_PROFILE_STRING'] => Default
$_SERVER['HOMEDRIVE'] => C:
$_SERVER['HOMEPATH'] => \Users\Daniel.KDG
$_SERVER['JAVA_HOME'] => C:\Program Files\OpenJDK\jdk-21.0.2
$_SERVER['LOCALAPPDATA'] => C:\Users\Daniel.KDG\AppData\Local
$_SERVER['LOGONSERVER'] => \\DENDE
$_SERVER['NUMBER_OF_PROCESSORS'] => 12
$_SERVER['OneDrive'] => C:\Users\Daniel.KDG\OneDrive
$_SERVER['OS'] => Windows_NT
$_SERVER['Path'] => C:/Webserver/eclipse//plugins/org.eclipse.justj.openjdk.hotspot.jre.full.win32.x86_64_21.0.8.v20250724-1412/jre/bin/server;C:/Webserver/eclipse//plugins/org.eclipse.justj.openjdk.hotspot.jre.full.win32.x86_64_21.0.8.v20250724-1412/jre/bin;C:\Program Files\PlasticSCM5\server;C:\Program Files\PlasticSCM5\client;C:\Program Files\Python311\Scripts\;C:\Program Files\Python311\;C:\Program Files\Common Files\Oracle\Java\javapath;C:\WINDOWS\system32;C:\WINDOWS;C:\WINDOWS\System32\Wbem;C:\WINDOWS\System32\WindowsPowerShell\v1.0\;C:\WINDOWS\System32\OpenSSH\;C:\Program Files (x86)\NVIDIA Corporation\PhysX\Common;C:\Program Files (x86)\WinSCP\;C:\Webserver\tools;C:\Program Files\dotnet\;C:\Program Files\PuTTY\;C:\Program Files (x86)\ZeroTier\One\;C:\Program Files\Docker;C:\ProgramData\chocolatey\bin;C:\Program Files\OpenJDK\jdk-21.0.2\bin;C:\Program Files\NVIDIA Corporation\NVIDIA app\NvDLISR;C:\Program Files\CMake\bin;C:\Program Files\Wiimm\WIT;C:\Program Files\GitExtensions\;C:\Program Files\Git\cmd;C:\Program Files\Git\mingw64\bin;C:\Program Files\Git\usr\bin;C:\Program Files (x86)\Windows Kits\10\Windows Performance Toolkit\;C:\Program Files\Docker\Docker\resources\bin;C:\Users\Daniel.KDG\AppData\Local\Microsoft\WindowsApps;C:\Users\Daniel.KDG\AppData\Roaming\Python\Python311\Scripts;C:\Users\Daniel.KDG\.dotnet\tools;C:\Webserver\eclipse;
$_SERVER['PATHEXT'] => .COM;.EXE;.BAT;.CMD;.VBS;.VBE;.JS;.JSE;.WSF;.WSH;.MSC;.PY;.PYW
$_SERVER['PHPUNIT_PORT'] => 7478
$_SERVER['PHP_DRIVE'] => C:
$_SERVER['PHP_VERSION'] => 7.4
$_SERVER['PROCESSOR_ARCHITECTURE'] => AMD64
$_SERVER['PROCESSOR_IDENTIFIER'] => AMD64 Family 25 Model 33 Stepping 0, AuthenticAMD
$_SERVER['PROCESSOR_LEVEL'] => 25
$_SERVER['PROCESSOR_REVISION'] => 2100
$_SERVER['ProgramData'] => C:\ProgramData
$_SERVER['ProgramFiles'] => C:\Program Files
$_SERVER['ProgramFiles(x86)'] => C:\Program Files (x86)
$_SERVER['ProgramW6432'] => C:\Program Files
$_SERVER['PROMPT'] => $P$G
$_SERVER['PSModulePath'] => C:\Program Files\WindowsPowerShell\Modules;C:\WINDOWS\system32\WindowsPowerShell\v1.0\Modules
$_SERVER['PUBLIC'] => C:\Users\Public
$_SERVER['SESSIONNAME'] => Console
$_SERVER['SystemDrive'] => C:
$_SERVER['SystemRoot'] => C:\WINDOWS
$_SERVER['TEMP'] => C:\Users\Daniel.KDG\AppData\Local\Temp
$_SERVER['TMP'] => C:\Users\Daniel.KDG\AppData\Local\Temp
$_SERVER['UNITY_ACCELERATOR_ENDPOINT'] => dende
$_SERVER['UNREAL_DIRECTORY'] => C:\Spiele\Epic Games
$_SERVER['UPM_USER_CONFIG_FILE'] => C:\ProgramData\Unity\config\upmconfig.toml
$_SERVER['USERDNSDOMAIN'] => KDG.LOCAL
$_SERVER['USERDOMAIN'] => KDG
$_SERVER['USERDOMAIN_ROAMINGPROFILE'] => KDG
$_SERVER['USERNAME'] => Daniel
$_SERVER['USERPROFILE'] => C:\Users\Daniel.KDG
$_SERVER['windir'] => C:\WINDOWS
$_SERVER['PHP_SELF'] => 
$_SERVER['SCRIPT_NAME'] => 
$_SERVER['SCRIPT_FILENAME'] => 
$_SERVER['PATH_TRANSLATED'] => 
$_SERVER['DOCUMENT_ROOT'] => 
$_SERVER['REQUEST_TIME_FLOAT'] => 1759155237.4269
$_SERVER['REQUEST_TIME'] => 1759155237
$_SERVER['argv'] => Array
(
)

$_SERVER['argc'] => 0

PHP License
This program is free software; you can redistribute it and/or modify
it under the terms of the PHP License as published by the PHP Group
and included in the distribution in the file:  LICENSE

This program is distributed in the hope that it will be useful,
but WITHOUT ANY WARRANTY; without even the implied warranty of
MERCHANTABILITY or FITNESS FOR A PARTICULAR PURPOSE.

If you did not receive a copy of the PHP license, or have any
questions about PHP licensing, please contact license@php.net.
